// Jest Snapshot v1, https://goo.gl/fbAQLP

exports[`<Home /> should match the snapshot 1`] = `
.c3 {
  width: 189px;
  height: 56px;
  background: #2c97d1;
  border: none;
  border-radius: 10px;
  color: #fff;
  font-weight: bold;
  font-size: 18px;
  line-height: 22px;
  -webkit-letter-spacing: 0.35em;
  -moz-letter-spacing: 0.35em;
  -ms-letter-spacing: 0.35em;
  letter-spacing: 0.35em;
}

.c0 {
  height: 100vh;
  display: -webkit-box;
  display: -webkit-flex;
  display: -ms-flexbox;
  display: flex;
  -webkit-flex-direction: column;
  -ms-flex-direction: column;
  flex-direction: column;
  -webkit-align-items: center;
  -webkit-box-align: center;
  -ms-flex-align: center;
  align-items: center;
  color: #2c97d1;
}

.c1 {
  font-weight: normal;
  font-size: 72px;
  line-height: 88px;
  margin-top: 210px;
}

.c1 span {
  font-family: 'Lato',sans-serif;
  font-weight: bold;
}

.c2 {
  font-style: normal;
  font-weight: normal;
  font-size: 14px;
  line-height: 17px;
  -webkit-letter-spacing: 0.35em;
  -moz-letter-spacing: 0.35em;
  -ms-letter-spacing: 0.35em;
  letter-spacing: 0.35em;
  text-transform: uppercase;
  margin-bottom: 162px;
}

.c2 span {
  font-weight: bold;
}

<div>
  <main
    class="c0"
  >
    <h1
      class="c1"
    >
      Welcome to 
      <span>
        iClinic
      </span>
    </h1>
    <h2
      class="c2"
    >
      Frontend challenge - by 
      <span>
        Jean Carlos Guimar√£es
      </span>
    </h2>
    <a
      href="/master"
    >
      <button
        class="c3"
        label="START"
      >
        START
      </button>
    </a>
  </main>
</div>
`;
